[2025-09-28 18:11:49] [INFO] superset.config: ================================================================================
[2025-09-28 18:11:49] [INFO] superset.config: 🚀 SUPERSET PERSISTENT LOGGING CONFIGURED
[2025-09-28 18:11:49] [INFO] superset.config: ================================================================================
[2025-09-28 18:11:49] [INFO] superset.config: 📁 Log Directory: /app/logs
[2025-09-28 18:11:49] [INFO] superset.config: 🗄️ Database: postgres:5432/superset
[2025-09-28 18:11:49] [INFO] superset.config: 🔑 Redis Cache: redis:6379
[2025-09-28 18:11:49] [INFO] superset.config: 🔒 CSRF Protection: ❌ DISABLED (Development Mode)
[2025-09-28 18:11:49] [INFO] superset.config: 🛡️ Talisman Security: ❌ DISABLED (Development Mode)
[2025-09-28 18:11:49] [INFO] superset.config: 📊 Row Limit: 5000
[2025-09-28 18:11:49] [INFO] superset.config: 📁 Session Storage: filesystem (Filesystem)
[2025-09-28 18:11:49] [INFO] superset.config: 📋 Log Files:
[2025-09-28 18:11:49] [INFO] superset.config:   • Application: superset.log
[2025-09-28 18:11:49] [INFO] superset.config:   • Errors: superset_errors.log
[2025-09-28 18:11:49] [INFO] superset.config: 🚩 Feature Flags:
[2025-09-28 18:11:49] [INFO] superset.config:   • ALERT_REPORTS: ✅
[2025-09-28 18:11:49] [INFO] superset.config:   • ENABLE_TEMPLATE_PROCESSING: ✅
[2025-09-28 18:11:49] [INFO] superset.config: ================================================================================
[2025-09-28 18:11:49] [INFO] superset.config: ================================================================================
[2025-09-28 18:11:49] [INFO] superset.config: 🚀 SUPERSET PERSISTENT LOGGING CONFIGURED
[2025-09-28 18:11:49] [INFO] superset.config: ================================================================================
[2025-09-28 18:11:49] [INFO] superset.config: 📁 Log Directory: /app/logs
[2025-09-28 18:11:49] [INFO] superset.config: 🗄️ Database: postgres:5432/superset
[2025-09-28 18:11:49] [INFO] superset.config: 🔑 Redis Cache: redis:6379
[2025-09-28 18:11:49] [INFO] superset.config: 🔒 CSRF Protection: ❌ DISABLED (Development Mode)
[2025-09-28 18:11:49] [INFO] superset.config: 🛡️ Talisman Security: ❌ DISABLED (Development Mode)
[2025-09-28 18:11:49] [INFO] superset.config: 📊 Row Limit: 5000
[2025-09-28 18:11:49] [INFO] superset.config: 📁 Session Storage: filesystem (Filesystem)
[2025-09-28 18:11:49] [INFO] superset.config: 📋 Log Files:
[2025-09-28 18:11:49] [INFO] superset.config:   • Application: superset.log
[2025-09-28 18:11:49] [INFO] superset.config:   • Errors: superset_errors.log
[2025-09-28 18:11:49] [INFO] superset.config: 🚩 Feature Flags:
[2025-09-28 18:11:49] [INFO] superset.config:   • ALERT_REPORTS: ✅
[2025-09-28 18:11:49] [INFO] superset.config:   • ENABLE_TEMPLATE_PROCESSING: ✅
[2025-09-28 18:11:49] [INFO] superset.config: ================================================================================
[2025-09-28 18:11:51] [INFO] superset.config: ================================================================================
[2025-09-28 18:11:51] [INFO] superset.config: 🚀 SUPERSET PERSISTENT LOGGING CONFIGURED
[2025-09-28 18:11:51] [INFO] superset.config: ================================================================================
[2025-09-28 18:11:51] [INFO] superset.config: 📁 Log Directory: /app/logs
[2025-09-28 18:11:51] [INFO] superset.config: 🗄️ Database: postgres:5432/superset
[2025-09-28 18:11:51] [INFO] superset.config: 🔑 Redis Cache: redis:6379
[2025-09-28 18:11:51] [INFO] superset.config: 🔒 CSRF Protection: ❌ DISABLED (Development Mode)
[2025-09-28 18:11:51] [INFO] superset.config: 🛡️ Talisman Security: ❌ DISABLED (Development Mode)
[2025-09-28 18:11:51] [INFO] superset.config: 📊 Row Limit: 5000
[2025-09-28 18:11:51] [INFO] superset.config: 📁 Session Storage: filesystem (Filesystem)
[2025-09-28 18:11:51] [INFO] superset.config: 📋 Log Files:
[2025-09-28 18:11:51] [INFO] superset.config:   • Application: superset.log
[2025-09-28 18:11:51] [INFO] superset.config:   • Errors: superset_errors.log
[2025-09-28 18:11:51] [INFO] superset.config: 🚩 Feature Flags:
[2025-09-28 18:11:51] [INFO] superset.config:   • ALERT_REPORTS: ✅
[2025-09-28 18:11:51] [INFO] superset.config:   • ENABLE_TEMPLATE_PROCESSING: ✅
[2025-09-28 18:11:51] [INFO] superset.config: ================================================================================
[2025-09-28 18:11:51] [WARNING] superset.initialization: We haven't found any Content Security Policy (CSP) defined in the configurations. Please make sure to configure CSP using the TALISMAN_ENABLED and TALISMAN_CONFIG keys or any other external software. Failing to configure CSP have serious security implications. Check https://developer.mozilla.org/en-US/docs/Web/HTTP/CSP for more information. You can disable this warning using the CONTENT_SECURITY_POLICY_WARNING key.
[2025-09-28 18:11:51] [INFO] superset.initialization: Setting database isolation level to READ COMMITTED
[2025-09-28 18:11:51] [INFO] superset.utils.screenshots: No PIL installation found
[2025-09-28 18:11:51] [INFO] superset.utils.pdf: No PIL installation found
[2025-09-28 18:11:55] [INFO] superset.config: ================================================================================
[2025-09-28 18:11:55] [INFO] superset.config: 🚀 SUPERSET PERSISTENT LOGGING CONFIGURED
[2025-09-28 18:11:55] [INFO] superset.config: ================================================================================
[2025-09-28 18:11:55] [INFO] superset.config: 📁 Log Directory: /app/logs
[2025-09-28 18:11:55] [INFO] superset.config: 🗄️ Database: postgres:5432/superset
[2025-09-28 18:11:55] [INFO] superset.config: 🔑 Redis Cache: redis:6379
[2025-09-28 18:11:55] [INFO] superset.config: 🔒 CSRF Protection: ❌ DISABLED (Development Mode)
[2025-09-28 18:11:55] [INFO] superset.config: 🛡️ Talisman Security: ❌ DISABLED (Development Mode)
[2025-09-28 18:11:55] [INFO] superset.config: 📊 Row Limit: 5000
[2025-09-28 18:11:55] [INFO] superset.config: 📁 Session Storage: filesystem (Filesystem)
[2025-09-28 18:11:55] [INFO] superset.config: 📋 Log Files:
[2025-09-28 18:11:55] [INFO] superset.config:   • Application: superset.log
[2025-09-28 18:11:55] [INFO] superset.config:   • Errors: superset_errors.log
[2025-09-28 18:11:55] [INFO] superset.config: 🚩 Feature Flags:
[2025-09-28 18:11:55] [INFO] superset.config:   • ALERT_REPORTS: ✅
[2025-09-28 18:11:55] [INFO] superset.config:   • ENABLE_TEMPLATE_PROCESSING: ✅
[2025-09-28 18:11:55] [INFO] superset.config: ================================================================================
[2025-09-28 18:11:55] [WARNING] superset.initialization: We haven't found any Content Security Policy (CSP) defined in the configurations. Please make sure to configure CSP using the TALISMAN_ENABLED and TALISMAN_CONFIG keys or any other external software. Failing to configure CSP have serious security implications. Check https://developer.mozilla.org/en-US/docs/Web/HTTP/CSP for more information. You can disable this warning using the CONTENT_SECURITY_POLICY_WARNING key.
[2025-09-28 18:11:55] [INFO] superset.initialization: Setting database isolation level to READ COMMITTED
[2025-09-28 18:11:55] [INFO] superset.utils.screenshots: No PIL installation found
[2025-09-28 18:11:55] [INFO] superset.utils.pdf: No PIL installation found
[2025-09-28 18:11:59] [INFO] superset.config: ================================================================================
[2025-09-28 18:11:59] [INFO] superset.config: 🚀 SUPERSET PERSISTENT LOGGING CONFIGURED
[2025-09-28 18:11:59] [INFO] superset.config: ================================================================================
[2025-09-28 18:11:59] [INFO] superset.config: 📁 Log Directory: /app/logs
[2025-09-28 18:11:59] [INFO] superset.config: 🗄️ Database: postgres:5432/superset
[2025-09-28 18:11:59] [INFO] superset.config: 🔑 Redis Cache: redis:6379
[2025-09-28 18:11:59] [INFO] superset.config: 🔒 CSRF Protection: ❌ DISABLED (Development Mode)
[2025-09-28 18:11:59] [INFO] superset.config: 🛡️ Talisman Security: ❌ DISABLED (Development Mode)
[2025-09-28 18:11:59] [INFO] superset.config: 📊 Row Limit: 5000
[2025-09-28 18:11:59] [INFO] superset.config: 📁 Session Storage: filesystem (Filesystem)
[2025-09-28 18:11:59] [INFO] superset.config: 📋 Log Files:
[2025-09-28 18:11:59] [INFO] superset.config:   • Application: superset.log
[2025-09-28 18:11:59] [INFO] superset.config:   • Errors: superset_errors.log
[2025-09-28 18:11:59] [INFO] superset.config: 🚩 Feature Flags:
[2025-09-28 18:11:59] [INFO] superset.config:   • ALERT_REPORTS: ✅
[2025-09-28 18:11:59] [INFO] superset.config:   • ENABLE_TEMPLATE_PROCESSING: ✅
[2025-09-28 18:11:59] [INFO] superset.config: ================================================================================
[2025-09-28 18:11:59] [WARNING] superset.initialization: We haven't found any Content Security Policy (CSP) defined in the configurations. Please make sure to configure CSP using the TALISMAN_ENABLED and TALISMAN_CONFIG keys or any other external software. Failing to configure CSP have serious security implications. Check https://developer.mozilla.org/en-US/docs/Web/HTTP/CSP for more information. You can disable this warning using the CONTENT_SECURITY_POLICY_WARNING key.
[2025-09-28 18:11:59] [INFO] superset.initialization: Setting database isolation level to READ COMMITTED
[2025-09-28 18:11:59] [INFO] superset.utils.screenshots: No PIL installation found
[2025-09-28 18:11:59] [INFO] superset.utils.pdf: No PIL installation found
[2025-09-28 18:12:00] [WARNING] flask_appbuilder.security.sqla.manager: Refused to delete permission view, assoc with role exists Chart.can_tag Admin
[2025-09-28 18:12:00] [WARNING] flask_appbuilder.security.sqla.manager: Refused to delete permission view, assoc with role exists Chart.can_write Admin
[2025-09-28 18:12:00] [WARNING] flask_appbuilder.security.sqla.manager: Refused to delete permission view, assoc with role exists Chart.can_warm_up_cache Admin
[2025-09-28 18:12:00] [WARNING] flask_appbuilder.security.sqla.manager: Refused to delete permission view, assoc with role exists Chart.can_export Admin
[2025-09-28 18:12:00] [WARNING] flask_appbuilder.security.sqla.manager: Refused to delete permission view, assoc with role exists Chart.can_tag Admin
[2025-09-28 18:12:00] [WARNING] flask_appbuilder.security.sqla.manager: Refused to delete permission view, assoc with role exists Dashboard.can_view_query Admin
[2025-09-28 18:12:00] [WARNING] flask_appbuilder.security.sqla.manager: Refused to delete permission view, assoc with role exists Dashboard.can_view_chart_as_table Admin
[2025-09-28 18:12:00] [WARNING] flask_appbuilder.security.sqla.manager: Refused to delete permission view, assoc with role exists Dashboard.can_drill Admin
[2025-09-28 18:12:00] [WARNING] flask_appbuilder.security.sqla.manager: Refused to delete permission view, assoc with role exists Dashboard.can_tag Admin
[2025-09-28 18:12:00] [WARNING] flask_appbuilder.security.sqla.manager: Refused to delete permission view, assoc with role exists Dataset.can_read Admin
[2025-09-28 18:12:00] [WARNING] flask_appbuilder.security.sqla.manager: Refused to delete permission view, assoc with role exists Dataset.can_warm_up_cache Admin
[2025-09-28 18:12:00] [WARNING] flask_appbuilder.security.sqla.manager: Refused to delete permission view, assoc with role exists Dataset.can_export Admin
[2025-09-28 18:12:00] [WARNING] flask_appbuilder.security.sqla.manager: Refused to delete permission view, assoc with role exists Dataset.can_duplicate Admin
[2025-09-28 18:12:00] [WARNING] flask_appbuilder.security.sqla.manager: Refused to delete permission view, assoc with role exists Dataset.can_get_or_create_dataset Admin
[2025-09-28 18:12:00] [WARNING] flask_appbuilder.security.sqla.manager: Refused to delete permission view, assoc with role exists Dataset.can_read Admin
[2025-09-28 18:12:00] [WARNING] flask_appbuilder.security.sqla.manager: Refused to delete permission view, assoc with role exists Dataset.can_warm_up_cache Admin
[2025-09-28 18:12:00] [WARNING] flask_appbuilder.security.sqla.manager: Refused to delete permission view, assoc with role exists Dataset.can_export Admin
[2025-09-28 18:12:00] [WARNING] flask_appbuilder.security.sqla.manager: Refused to delete permission view, assoc with role exists Dataset.can_duplicate Admin
[2025-09-28 18:12:00] [WARNING] flask_appbuilder.security.sqla.manager: Refused to delete permission view, assoc with role exists Dataset.can_get_or_create_dataset Admin
[2025-09-28 18:12:00] [WARNING] flask_appbuilder.security.sqla.manager: Refused to delete permission view, assoc with role exists Datasource.can_get Admin
[2025-09-28 18:12:00] [WARNING] flask_appbuilder.security.sqla.manager: Refused to delete permission view, assoc with role exists Datasource.can_external_metadata_by_name Admin
[2025-09-28 18:12:00] [WARNING] flask_appbuilder.security.sqla.manager: Refused to delete permission view, assoc with role exists Datasource.can_external_metadata Admin
[2025-09-28 18:12:00] [WARNING] flask_appbuilder.security.sqla.manager: Refused to delete permission view, assoc with role exists Datasource.can_samples Admin
[2025-09-28 18:12:00] [WARNING] flask_appbuilder.security.sqla.manager: Refused to delete permission view, assoc with role exists Datasource.can_save Admin
[2025-09-28 18:12:00] [WARNING] flask_appbuilder.security.sqla.manager: Refused to delete permission view, assoc with role exists ReportSchedule.can_write Admin
[2025-09-28 18:12:00] [WARNING] flask_appbuilder.security.sqla.manager: Refused to delete permission view, assoc with role exists Row Level Security.menu_access Admin
[2025-09-28 18:12:00] [WARNING] flask_appbuilder.security.sqla.manager: Refused to delete permission view, assoc with role exists SavedQuery.can_list Admin
[2025-09-28 18:12:00] [WARNING] flask_appbuilder.security.sqla.manager: Refused to delete permission view, assoc with role exists Database.can_write Admin
[2025-09-28 18:12:00] [WARNING] flask_appbuilder.security.sqla.manager: Refused to delete permission view, assoc with role exists Database.can_upload Admin
[2025-09-28 18:12:00] [WARNING] flask_appbuilder.security.sqla.manager: Refused to delete permission view, assoc with role exists Database.can_export Admin
[2025-09-28 18:12:00] [WARNING] flask_appbuilder.security.sqla.manager: Refused to delete permission view, assoc with role exists Dashboard.can_export Admin
[2025-09-28 18:12:00] [WARNING] flask_appbuilder.security.sqla.manager: Refused to delete permission view, assoc with role exists Dashboard.can_cache_dashboard_screenshot Admin
[2025-09-28 18:12:00] [WARNING] flask_appbuilder.security.sqla.manager: Refused to delete permission view, assoc with role exists Dashboard.can_get_embedded Admin
[2025-09-28 18:12:00] [WARNING] flask_appbuilder.security.sqla.manager: Refused to delete permission view, assoc with role exists Dashboard.can_set_embedded Admin
[2025-09-28 18:12:00] [WARNING] flask_appbuilder.security.sqla.manager: Refused to delete permission view, assoc with role exists Dashboard.can_delete_embedded Admin
[2025-09-28 18:12:00] [WARNING] flask_appbuilder.security.sqla.manager: Refused to delete permission view, assoc with role exists Dashboard.can_view_query Admin
[2025-09-28 18:12:00] [WARNING] flask_appbuilder.security.sqla.manager: Refused to delete permission view, assoc with role exists Dashboard.can_view_chart_as_table Admin
[2025-09-28 18:12:00] [WARNING] flask_appbuilder.security.sqla.manager: Refused to delete permission view, assoc with role exists Dashboard.can_drill Admin
[2025-09-28 18:12:00] [WARNING] flask_appbuilder.security.sqla.manager: Refused to delete permission view, assoc with role exists Dashboard.can_tag Admin
[2025-09-28 18:12:00] [WARNING] flask_appbuilder.security.sqla.manager: Refused to delete permission view, assoc with role exists Chart.can_warm_up_cache Admin
[2025-09-28 18:12:00] [WARNING] flask_appbuilder.security.sqla.manager: Refused to delete permission view, assoc with role exists Chart.can_export Admin
[2025-09-28 18:12:00] [WARNING] flask_appbuilder.security.sqla.manager: Refused to delete permission view, assoc with role exists Chart.can_tag Admin
[2025-09-28 18:12:00] [WARNING] flask_appbuilder.security.sqla.manager: Refused to delete permission view, assoc with role exists Dashboard.can_read Admin
[2025-09-28 18:12:00] [WARNING] flask_appbuilder.security.sqla.manager: Refused to delete permission view, assoc with role exists Dashboard.can_export Admin
[2025-09-28 18:12:00] [WARNING] flask_appbuilder.security.sqla.manager: Refused to delete permission view, assoc with role exists Dashboard.can_cache_dashboard_screenshot Admin
[2025-09-28 18:12:00] [WARNING] flask_appbuilder.security.sqla.manager: Refused to delete permission view, assoc with role exists Dashboard.can_get_embedded Admin
[2025-09-28 18:12:00] [WARNING] flask_appbuilder.security.sqla.manager: Refused to delete permission view, assoc with role exists Dashboard.can_set_embedded Admin
[2025-09-28 18:12:00] [WARNING] flask_appbuilder.security.sqla.manager: Refused to delete permission view, assoc with role exists Dashboard.can_delete_embedded Admin
[2025-09-28 18:12:00] [WARNING] flask_appbuilder.security.sqla.manager: Refused to delete permission view, assoc with role exists Dashboard.can_view_query Admin
[2025-09-28 18:12:00] [WARNING] flask_appbuilder.security.sqla.manager: Refused to delete permission view, assoc with role exists Dashboard.can_view_chart_as_table Admin
[2025-09-28 18:12:00] [WARNING] flask_appbuilder.security.sqla.manager: Refused to delete permission view, assoc with role exists Dashboard.can_drill Admin
[2025-09-28 18:12:00] [WARNING] flask_appbuilder.security.sqla.manager: Refused to delete permission view, assoc with role exists Dashboard.can_tag Admin
[2025-09-28 18:12:00] [WARNING] flask_appbuilder.security.sqla.manager: Refused to delete permission view, assoc with role exists Datasource.can_get_column_values Admin
[2025-09-28 18:12:00] [WARNING] flask_appbuilder.security.sqla.manager: Refused to delete permission view, assoc with role exists Dataset.can_write Admin
[2025-09-28 18:12:00] [WARNING] flask_appbuilder.security.sqla.manager: Refused to delete permission view, assoc with role exists Dataset.can_warm_up_cache Admin
[2025-09-28 18:12:00] [WARNING] flask_appbuilder.security.sqla.manager: Refused to delete permission view, assoc with role exists Dataset.can_export Admin
[2025-09-28 18:12:00] [WARNING] flask_appbuilder.security.sqla.manager: Refused to delete permission view, assoc with role exists Dataset.can_duplicate Admin
[2025-09-28 18:12:00] [WARNING] flask_appbuilder.security.sqla.manager: Refused to delete permission view, assoc with role exists Dataset.can_get_or_create_dataset Admin
[2025-09-28 18:12:00] [WARNING] flask_appbuilder.security.sqla.manager: Refused to delete permission view, assoc with role exists SavedQuery.can_read Admin
[2025-09-28 18:12:00] [WARNING] flask_appbuilder.security.sqla.manager: Refused to delete permission view, assoc with role exists SavedQuery.can_write Admin
[2025-09-28 18:12:00] [WARNING] flask_appbuilder.security.sqla.manager: Refused to delete permission view, assoc with role exists SavedQuery.can_export Admin
[2025-09-28 18:12:00] [WARNING] flask_appbuilder.security.sqla.manager: Refused to delete permission view, assoc with role exists SQLLab.can_get_results Admin
[2025-09-28 18:12:00] [WARNING] flask_appbuilder.security.sqla.manager: Refused to delete permission view, assoc with role exists SQLLab.can_execute_sql_query Admin
[2025-09-28 18:12:00] [WARNING] flask_appbuilder.security.sqla.manager: Refused to delete permission view, assoc with role exists SQLLab.can_format_sql Admin
[2025-09-28 18:12:00] [WARNING] flask_appbuilder.security.sqla.manager: Refused to delete permission view, assoc with role exists SQLLab.can_estimate_query_cost Admin
[2025-09-28 18:12:00] [WARNING] flask_appbuilder.security.sqla.manager: Refused to delete permission view, assoc with role exists SQLLab.can_export_csv Admin
[2025-09-28 18:12:00] [WARNING] flask_appbuilder.security.sqla.manager: Refused to delete permission view, assoc with role exists Superset.can_csv Admin
[2025-09-28 18:12:00] [WARNING] flask_appbuilder.security.sqla.manager: Refused to delete permission view, assoc with role exists Superset.can_share_dashboard Admin
[2025-09-28 18:12:00] [WARNING] flask_appbuilder.security.sqla.manager: Refused to delete permission view, assoc with role exists Superset.can_share_chart Admin
[2025-09-28 18:12:00] [WARNING] flask_appbuilder.security.sqla.manager: Refused to delete permission view, assoc with role exists Superset.can_sqllab Admin
[2025-09-28 18:12:00] [WARNING] flask_appbuilder.security.sqla.manager: Refused to delete permission view, assoc with role exists Dataset.can_write Admin
[2025-09-28 18:12:00] [WARNING] flask_appbuilder.security.sqla.manager: Refused to delete permission view, assoc with role exists Dataset.can_warm_up_cache Admin
[2025-09-28 18:12:01] [WARNING] flask_appbuilder.security.sqla.manager: Refused to delete permission view, assoc with role exists Dataset.can_export Admin
[2025-09-28 18:12:01] [WARNING] flask_appbuilder.security.sqla.manager: Refused to delete permission view, assoc with role exists Dataset.can_duplicate Admin
[2025-09-28 18:12:01] [WARNING] flask_appbuilder.security.sqla.manager: Refused to delete permission view, assoc with role exists Dataset.can_get_or_create_dataset Admin
[2025-09-28 18:12:01] [WARNING] flask_appbuilder.security.sqla.manager: Refused to delete permission view, assoc with role exists Tags.menu_access Admin
[2025-09-28 18:12:01] [WARNING] flask_appbuilder.security.sqla.manager: Refused to delete permission view, assoc with role exists ReportSchedule.can_write Admin
[2025-09-28 18:12:01] [WARNING] flask_appbuilder.security.sqla.manager: Refused to delete permission view, assoc with role exists Tags.menu_access Admin
[2025-09-28 18:12:01] [WARNING] flask_appbuilder.security.sqla.manager: Refused to delete permission view, assoc with role exists Log.can_write Admin
[2025-09-28 18:12:01] [WARNING] flask_appbuilder.security.sqla.manager: Refused to delete permission view, assoc with role exists Log.can_recent_activity Admin
[2025-09-28 18:12:01] [WARNING] flask_appbuilder.security.sqla.manager: Refused to delete permission view, assoc with role exists ReportSchedule.can_write Admin
[2025-09-28 18:12:01] [WARNING] flask_appbuilder.security.sqla.manager: Refused to delete permission view, assoc with role exists Annotation.can_write Admin
[2025-09-28 18:12:00] [INFO] superset.security.manager: Syncing role definition
[2025-09-28 18:12:00] [INFO] superset.security.manager: Syncing Admin perms
[2025-09-28 18:12:00] [INFO] superset.security.manager: Syncing Alpha perms
[2025-09-28 18:12:00] [INFO] superset.security.manager: Syncing Gamma perms
[2025-09-28 18:12:00] [INFO] superset.security.manager: Syncing sql_lab perms
[2025-09-28 18:12:00] [INFO] superset.security.manager: Fetching a set of all perms to lookup which ones are missing
[2025-09-28 18:12:00] [INFO] superset.security.manager: Creating missing datasource permissions.
[2025-09-28 18:12:00] [INFO] superset.security.manager: Creating missing database permissions.
[2025-09-28 18:12:00] [INFO] superset.security.manager: Cleaning faulty perms
[2025-09-28 18:12:03] [INFO] superset.config: ================================================================================
[2025-09-28 18:12:03] [INFO] superset.config: 🚀 SUPERSET PERSISTENT LOGGING CONFIGURED
[2025-09-28 18:12:03] [INFO] superset.config: ================================================================================
[2025-09-28 18:12:03] [INFO] superset.config: 📁 Log Directory: /app/logs
[2025-09-28 18:12:03] [INFO] superset.config: 🗄️ Database: postgres:5432/superset
[2025-09-28 18:12:03] [INFO] superset.config: 🔑 Redis Cache: redis:6379
[2025-09-28 18:12:03] [INFO] superset.config: 🔒 CSRF Protection: ❌ DISABLED (Development Mode)
[2025-09-28 18:12:03] [INFO] superset.config: 🛡️ Talisman Security: ❌ DISABLED (Development Mode)
[2025-09-28 18:12:03] [INFO] superset.config: 📊 Row Limit: 5000
[2025-09-28 18:12:03] [INFO] superset.config: 📁 Session Storage: filesystem (Filesystem)
[2025-09-28 18:12:03] [INFO] superset.config: 📋 Log Files:
[2025-09-28 18:12:03] [INFO] superset.config:   • Application: superset.log
[2025-09-28 18:12:03] [INFO] superset.config:   • Errors: superset_errors.log
[2025-09-28 18:12:03] [INFO] superset.config: 🚩 Feature Flags:
[2025-09-28 18:12:03] [INFO] superset.config:   • ALERT_REPORTS: ✅
[2025-09-28 18:12:03] [INFO] superset.config:   • ENABLE_TEMPLATE_PROCESSING: ✅
[2025-09-28 18:12:03] [INFO] superset.config: ================================================================================
[2025-09-28 18:12:03] [WARNING] superset.initialization: We haven't found any Content Security Policy (CSP) defined in the configurations. Please make sure to configure CSP using the TALISMAN_ENABLED and TALISMAN_CONFIG keys or any other external software. Failing to configure CSP have serious security implications. Check https://developer.mozilla.org/en-US/docs/Web/HTTP/CSP for more information. You can disable this warning using the CONTENT_SECURITY_POLICY_WARNING key.
[2025-09-28 18:12:03] [INFO] superset.initialization: Setting database isolation level to READ COMMITTED
[2025-09-28 18:12:03] [INFO] superset.config: ================================================================================
[2025-09-28 18:12:03] [INFO] superset.config: 🚀 SUPERSET PERSISTENT LOGGING CONFIGURED
[2025-09-28 18:12:03] [INFO] superset.config: ================================================================================
[2025-09-28 18:12:03] [INFO] superset.config: 📁 Log Directory: /app/logs
[2025-09-28 18:12:03] [INFO] superset.config: 🗄️ Database: postgres:5432/superset
[2025-09-28 18:12:03] [INFO] superset.config: 🔑 Redis Cache: redis:6379
[2025-09-28 18:12:03] [INFO] superset.config: 🔒 CSRF Protection: ❌ DISABLED (Development Mode)
[2025-09-28 18:12:03] [INFO] superset.config: 🛡️ Talisman Security: ❌ DISABLED (Development Mode)
[2025-09-28 18:12:03] [INFO] superset.config: 📊 Row Limit: 5000
[2025-09-28 18:12:03] [INFO] superset.config: 📁 Session Storage: filesystem (Filesystem)
[2025-09-28 18:12:03] [INFO] superset.config: 📋 Log Files:
[2025-09-28 18:12:03] [INFO] superset.config:   • Application: superset.log
[2025-09-28 18:12:03] [INFO] superset.config:   • Errors: superset_errors.log
[2025-09-28 18:12:03] [INFO] superset.config: 🚩 Feature Flags:
[2025-09-28 18:12:03] [INFO] superset.config:   • ALERT_REPORTS: ✅
[2025-09-28 18:12:03] [INFO] superset.config:   • ENABLE_TEMPLATE_PROCESSING: ✅
[2025-09-28 18:12:03] [INFO] superset.config: ================================================================================
[2025-09-28 18:12:03] [WARNING] superset.initialization: We haven't found any Content Security Policy (CSP) defined in the configurations. Please make sure to configure CSP using the TALISMAN_ENABLED and TALISMAN_CONFIG keys or any other external software. Failing to configure CSP have serious security implications. Check https://developer.mozilla.org/en-US/docs/Web/HTTP/CSP for more information. You can disable this warning using the CONTENT_SECURITY_POLICY_WARNING key.
[2025-09-28 18:12:03] [INFO] superset.initialization: Setting database isolation level to READ COMMITTED
[2025-09-28 18:12:03] [INFO] superset.utils.screenshots: No PIL installation found
[2025-09-28 18:12:03] [INFO] superset.config: ================================================================================
[2025-09-28 18:12:03] [INFO] superset.config: 🚀 SUPERSET PERSISTENT LOGGING CONFIGURED
[2025-09-28 18:12:03] [INFO] superset.config: ================================================================================
[2025-09-28 18:12:03] [INFO] superset.config: 📁 Log Directory: /app/logs
[2025-09-28 18:12:03] [INFO] superset.config: 🗄️ Database: postgres:5432/superset
[2025-09-28 18:12:03] [INFO] superset.config: 🔑 Redis Cache: redis:6379
[2025-09-28 18:12:03] [INFO] superset.config: 🔒 CSRF Protection: ❌ DISABLED (Development Mode)
[2025-09-28 18:12:03] [INFO] superset.config: 🛡️ Talisman Security: ❌ DISABLED (Development Mode)
[2025-09-28 18:12:03] [INFO] superset.config: 📊 Row Limit: 5000
[2025-09-28 18:12:03] [INFO] superset.config: 📁 Session Storage: filesystem (Filesystem)
[2025-09-28 18:12:03] [INFO] superset.config: 📋 Log Files:
[2025-09-28 18:12:03] [INFO] superset.config:   • Application: superset.log
[2025-09-28 18:12:03] [INFO] superset.config:   • Errors: superset_errors.log
[2025-09-28 18:12:03] [INFO] superset.config: 🚩 Feature Flags:
[2025-09-28 18:12:03] [INFO] superset.config:   • ALERT_REPORTS: ✅
[2025-09-28 18:12:03] [INFO] superset.config:   • ENABLE_TEMPLATE_PROCESSING: ✅
[2025-09-28 18:12:03] [INFO] superset.config: ================================================================================
[2025-09-28 18:12:03] [WARNING] superset.initialization: We haven't found any Content Security Policy (CSP) defined in the configurations. Please make sure to configure CSP using the TALISMAN_ENABLED and TALISMAN_CONFIG keys or any other external software. Failing to configure CSP have serious security implications. Check https://developer.mozilla.org/en-US/docs/Web/HTTP/CSP for more information. You can disable this warning using the CONTENT_SECURITY_POLICY_WARNING key.
[2025-09-28 18:12:03] [INFO] superset.utils.screenshots: No PIL installation found
[2025-09-28 18:12:03] [INFO] superset.initialization: Setting database isolation level to READ COMMITTED
[2025-09-28 18:12:04] [INFO] superset.utils.screenshots: No PIL installation found
[2025-09-28 18:12:04] [INFO] superset.config: ================================================================================
[2025-09-28 18:12:04] [INFO] superset.config: 🚀 SUPERSET PERSISTENT LOGGING CONFIGURED
[2025-09-28 18:12:04] [INFO] superset.config: ================================================================================
[2025-09-28 18:12:04] [INFO] superset.config: 📁 Log Directory: /app/logs
[2025-09-28 18:12:04] [INFO] superset.config: 🗄️ Database: postgres:5432/superset
[2025-09-28 18:12:04] [INFO] superset.config: 🔑 Redis Cache: redis:6379
[2025-09-28 18:12:04] [INFO] superset.config: 🔒 CSRF Protection: ❌ DISABLED (Development Mode)
[2025-09-28 18:12:04] [INFO] superset.config: 🛡️ Talisman Security: ❌ DISABLED (Development Mode)
[2025-09-28 18:12:04] [INFO] superset.config: 📊 Row Limit: 5000
[2025-09-28 18:12:04] [INFO] superset.config: 📁 Session Storage: filesystem (Filesystem)
[2025-09-28 18:12:04] [INFO] superset.config: 📋 Log Files:
[2025-09-28 18:12:04] [INFO] superset.config:   • Application: superset.log
[2025-09-28 18:12:04] [INFO] superset.config:   • Errors: superset_errors.log
[2025-09-28 18:12:04] [INFO] superset.config: 🚩 Feature Flags:
[2025-09-28 18:12:04] [INFO] superset.config:   • ALERT_REPORTS: ✅
[2025-09-28 18:12:04] [INFO] superset.config:   • ENABLE_TEMPLATE_PROCESSING: ✅
[2025-09-28 18:12:04] [INFO] superset.config: ================================================================================
[2025-09-28 18:12:04] [WARNING] superset.initialization: We haven't found any Content Security Policy (CSP) defined in the configurations. Please make sure to configure CSP using the TALISMAN_ENABLED and TALISMAN_CONFIG keys or any other external software. Failing to configure CSP have serious security implications. Check https://developer.mozilla.org/en-US/docs/Web/HTTP/CSP for more information. You can disable this warning using the CONTENT_SECURITY_POLICY_WARNING key.
[2025-09-28 18:12:04] [INFO] superset.initialization: Setting database isolation level to READ COMMITTED
[2025-09-28 18:12:04] [INFO] superset.utils.screenshots: No PIL installation found
[2025-09-28 18:12:04] [INFO] superset.utils.pdf: No PIL installation found
[2025-09-28 18:12:04] [INFO] superset.utils.pdf: No PIL installation found
[2025-09-28 18:12:04] [INFO] superset.utils.pdf: No PIL installation found
[2025-09-28 18:12:04] [INFO] superset.utils.pdf: No PIL installation found
[2025-09-28 18:16:12] [ERROR] superset.charts.api: Error deleting model ChartRestApi: Charts could not be deleted.
Traceback (most recent call last):
  File "/app/.venv/lib/python3.10/site-packages/pg8000/legacy.py", line 256, in execute
    self._context = self._c.execute_unnamed(
  File "/app/.venv/lib/python3.10/site-packages/pg8000/core.py", line 704, in execute_unnamed
    self.handle_messages(context)
  File "/app/.venv/lib/python3.10/site-packages/pg8000/core.py", line 844, in handle_messages
    raise context.error
pg8000.exceptions.DatabaseError: {'S': 'ERROR', 'V': 'ERROR', 'C': '42883', 'M': 'operator does not exist: integer = character varying', 'H': 'No operator matches the given name and argument types. You might need to add explicit type casts.', 'P': '1073', 'F': 'parse_oper.c', 'L': '635', 'R': 'op_error'}

During handling of the above exception, another exception occurred:

Traceback (most recent call last):
  File "/app/.venv/lib/python3.10/site-packages/sqlalchemy/engine/base.py", line 1910, in _execute_context
    self.dialect.do_execute(
  File "/app/.venv/lib/python3.10/site-packages/sqlalchemy/engine/default.py", line 736, in do_execute
    cursor.execute(statement, parameters)
  File "/app/.venv/lib/python3.10/site-packages/pg8000/legacy.py", line 283, in execute
    raise cls(msg)
pg8000.dbapi.ProgrammingError: {'S': 'ERROR', 'V': 'ERROR', 'C': '42883', 'M': 'operator does not exist: integer = character varying', 'H': 'No operator matches the given name and argument types. You might need to add explicit type casts.', 'P': '1073', 'F': 'parse_oper.c', 'L': '635', 'R': 'op_error'}

The above exception was the direct cause of the following exception:

Traceback (most recent call last):
  File "/app/superset/utils/decorators.py", line 259, in wrapped
    result = func(*args, **kwargs)
  File "/app/superset/commands/chart/delete.py", line 47, in run
    self.validate()
  File "/app/superset/commands/chart/delete.py", line 53, in validate
    self._models = ChartDAO.find_by_ids(self._model_ids)
  File "/app/superset/daos/base.py", line 92, in find_by_ids
    return query.all()
  File "/app/.venv/lib/python3.10/site-packages/sqlalchemy/orm/query.py", line 2773, in all
    return self._iter().all()
  File "/app/.venv/lib/python3.10/site-packages/sqlalchemy/orm/query.py", line 2916, in _iter
    result = self.session.execute(
  File "/app/.venv/lib/python3.10/site-packages/sqlalchemy/orm/session.py", line 1717, in execute
    result = conn._execute_20(statement, params or {}, execution_options)
  File "/app/.venv/lib/python3.10/site-packages/sqlalchemy/engine/base.py", line 1710, in _execute_20
    return meth(self, args_10style, kwargs_10style, execution_options)
  File "/app/.venv/lib/python3.10/site-packages/sqlalchemy/sql/elements.py", line 334, in _execute_on_connection
    return connection._execute_clauseelement(
  File "/app/.venv/lib/python3.10/site-packages/sqlalchemy/engine/base.py", line 1577, in _execute_clauseelement
    ret = self._execute_context(
  File "/app/.venv/lib/python3.10/site-packages/sqlalchemy/engine/base.py", line 1953, in _execute_context
    self._handle_dbapi_exception(
  File "/app/.venv/lib/python3.10/site-packages/sqlalchemy/engine/base.py", line 2134, in _handle_dbapi_exception
    util.raise_(
  File "/app/.venv/lib/python3.10/site-packages/sqlalchemy/util/compat.py", line 211, in raise_
    raise exception
  File "/app/.venv/lib/python3.10/site-packages/sqlalchemy/engine/base.py", line 1910, in _execute_context
    self.dialect.do_execute(
  File "/app/.venv/lib/python3.10/site-packages/sqlalchemy/engine/default.py", line 736, in do_execute
    cursor.execute(statement, parameters)
  File "/app/.venv/lib/python3.10/site-packages/pg8000/legacy.py", line 283, in execute
    raise cls(msg)
sqlalchemy.exc.ProgrammingError: (pg8000.dbapi.ProgrammingError) {'S': 'ERROR', 'V': 'ERROR', 'C': '42883', 'M': 'operator does not exist: integer = character varying', 'H': 'No operator matches the given name and argument types. You might need to add explicit type casts.', 'P': '1073', 'F': 'parse_oper.c', 'L': '635', 'R': 'op_error'}
[SQL: SELECT slices.uuid AS slices_uuid, slices.created_on AS slices_created_on, slices.changed_on AS slices_changed_on, slices.id AS slices_id, slices.slice_name AS slices_slice_name, slices.datasource_id AS slices_datasource_id, slices.datasource_type AS slices_datasource_type, slices.datasource_name AS slices_datasource_name, slices.viz_type AS slices_viz_type, slices.params AS slices_params, slices.query_context AS slices_query_context, slices.description AS slices_description, slices.cache_timeout AS slices_cache_timeout, slices.perm AS slices_perm, slices.schema_perm AS slices_schema_perm, slices.catalog_perm AS slices_catalog_perm, slices.last_saved_at AS slices_last_saved_at, slices.last_saved_by_fk AS slices_last_saved_by_fk, slices.certified_by AS slices_certified_by, slices.certification_details AS slices_certification_details, slices.is_managed_externally AS slices_is_managed_externally, slices.external_url AS slices_external_url, slices.created_by_fk AS slices_created_by_fk, slices.changed_by_fk AS slices_changed_by_fk 
FROM slices 
WHERE slices.id IN (%s)]
[parameters: ('1',)]
(Background on this error at: https://sqlalche.me/e/14/f405)

The above exception was the direct cause of the following exception:

Traceback (most recent call last):
  File "/app/superset/charts/api.py", line 473, in delete
    DeleteChartCommand([pk]).run()
  File "/app/superset/utils/decorators.py", line 266, in wrapped
    return on_error(ex)
  File "/app/superset/utils/decorators.py", line 234, in on_error
    raise reraise() from ex
superset.commands.chart.exceptions.ChartDeleteFailedError: Charts could not be deleted.
